proglab33@ccet:~/FOS-Lab-Experiments$ cat /etc/lsb-release 
DISTRIB_ID=Ubuntu
DISTRIB_RELEASE=12.04
DISTRIB_CODENAME=precise
DISTRIB_DESCRIPTION="Ubuntu 12.04.1 LTS"

proglab33@ccet:~/FOS-Lab-Experiments$ cat /etc/shells 
# /etc/shells: valid login shells
/bin/sh
/bin/dash
/bin/bash
/bin/rbash

proglab33@ccet:~/FOS-Lab-Experiments$ xinput --list --short
⎡ Virtual core pointer                    	id=2	[master pointer  (3)]
⎜   ↳ Virtual core XTEST pointer              	id=4	[slave  pointer  (2)]
⎜   ↳ PixArt USB Optical Mouse                	id=8	[slave  pointer  (2)]
⎜   ↳ Lite-On Technology Corp. USB Multimedia Keyboard	id=10	[slave  pointer  (2)]
⎣ Virtual core keyboard                   	id=3	[master keyboard (2)]
    ↳ Virtual core XTEST keyboard             	id=5	[slave  keyboard (3)]
    ↳ Power Button                            	id=6	[slave  keyboard (3)]
    ↳ Power Button                            	id=7	[slave  keyboard (3)]
    ↳ Lite-On Technology Corp. USB Multimedia Keyboard	id=9	[slave  keyboard (3)]

proglab33@ccet:~/FOS-Lab-Experiments$ cat /proc/cpuinfo 
processor	: 0
vendor_id	: GenuineIntel
cpu family	: 6
model		: 23
model name	: Pentium(R) Dual-Core  CPU      E6600  @ 3.06GHz
stepping	: 10
microcode	: 0xa07
cpu MHz		: 3059.043
cache size	: 2048 KB
physical id	: 0
siblings	: 2
core id		: 0
cpu cores	: 2
apicid		: 0
initial apicid	: 0
fdiv_bug	: no
hlt_bug		: no
f00f_bug	: no
coma_bug	: no
fpu		: yes
fpu_exception	: yes
cpuid level	: 13
wp		: yes
flags		: fpu vme de pse tsc msr pae mce cx8 apic sep mtrr pge mca cmov pat pse36 clflush dts acpi mmx fxsr sse sse2 ss ht tm pbe nx lm constant_tsc arch_perfmon pebs bts aperfmperf pni dtes64 monitor ds_cpl vmx est tm2 ssse3 cx16 xtpr pdcm xsave lahf_lm dtherm tpr_shadow vnmi flexpriority
bogomips	: 6118.08
clflush size	: 64
cache_alignment	: 64
address sizes	: 36 bits physical, 48 bits virtual
power management:

processor	: 1
vendor_id	: GenuineIntel
cpu family	: 6
model		: 23
model name	: Pentium(R) Dual-Core  CPU      E6600  @ 3.06GHz
stepping	: 10
microcode	: 0xa07
cpu MHz		: 3059.043
cache size	: 2048 KB
physical id	: 0
siblings	: 2
core id		: 1
cpu cores	: 2
apicid		: 1
initial apicid	: 1
fdiv_bug	: no
hlt_bug		: no
f00f_bug	: no
coma_bug	: no
fpu		: yes
fpu_exception	: yes
cpuid level	: 13
wp		: yes
flags		: fpu vme de pse tsc msr pae mce cx8 apic sep mtrr pge mca cmov pat pse36 clflush dts acpi mmx fxsr sse sse2 ss ht tm pbe nx lm constant_tsc arch_perfmon pebs bts aperfmperf pni dtes64 monitor ds_cpl vmx est tm2 ssse3 cx16 xtpr pdcm xsave lahf_lm dtherm tpr_shadow vnmi flexpriority
bogomips	: 6117.95
clflush size	: 64
cache_alignment	: 64
address sizes	: 36 bits physical, 48 bits virtual
power management:

proglab33@ccet:~/FOS-Lab-Experiments$ cat /proc/meminfo 
MemTotal:        1929468 kB
MemFree:          512236 kB
Buffers:           46904 kB
Cached:           867040 kB
SwapCached:            0 kB
Active:           834568 kB
Inactive:         508576 kB
Active(anon):     429952 kB
Inactive(anon):   141592 kB
Active(file):     404616 kB
Inactive(file):   366984 kB
Unevictable:           0 kB
Mlocked:               0 kB
HighTotal:       1050248 kB
HighFree:          67796 kB
LowTotal:         879220 kB
LowFree:          444440 kB
SwapTotal:       5402620 kB
SwapFree:        5402620 kB
Dirty:                88 kB
Writeback:             0 kB
AnonPages:        429260 kB
Mapped:           172380 kB
Shmem:            142348 kB
Slab:              43388 kB
SReclaimable:      28784 kB
SUnreclaim:        14604 kB
KernelStack:        3160 kB
PageTables:         7956 kB
NFS_Unstable:          0 kB
Bounce:                0 kB
WritebackTmp:          0 kB
CommitLimit:     6367352 kB
Committed_AS:    2911204 kB
VmallocTotal:     122880 kB
VmallocUsed:       15624 kB
VmallocChunk:     105992 kB
HardwareCorrupted:     0 kB
AnonHugePages:         0 kB
HugePages_Total:       0
HugePages_Free:        0
HugePages_Rsvd:        0
HugePages_Surp:        0
Hugepagesize:       2048 kB
DirectMap4k:       10232 kB
DirectMap2M:      903168 kB

proglab33@ccet:~/FOS-Lab-Experiments$ lsblk
NAME   MAJ:MIN RM   SIZE RO TYPE MOUNTPOINT
sda      8:0    0 465.8G  0 disk 
├─sda1   8:1    0   100M  0 part 
├─sda2   8:2    0  97.6G  0 part 
├─sda3   8:3    0 195.3G  0 part /media/New Volume
├─sda4   8:4    0     1K  0 part 
├─sda5   8:5    0 167.7G  0 part /
└─sda6   8:6    0   5.2G  0 part [SWAP]

proglab33@ccet:~/FOS-Lab-Experiments$ sudo hdparm -I /dev/sda
[sudo] password for proglab33: 

/dev/sda:

ATA device, with non-removable media
	Model Number:       ST500DM002-1BD142                       
	Serial Number:      W2A3LTMR
	Firmware Revision:  KC44    
	Transport:          Serial, SATA Rev 3.0
Standards:
	Used: unknown (minor revision code 0x0029) 
	Supported: 8 7 6 5 
	Likely used: 8
Configuration:
	Logical		max	current
	cylinders	16383	16383
	heads		16	16
	sectors/track	63	63
	--
	CHS current addressable sectors:   16514064
	LBA    user addressable sectors:  268435455
	LBA48  user addressable sectors:  976773168
	Logical  Sector size:                   512 bytes
	Physical Sector size:                  4096 bytes
	Logical Sector-0 offset:                  0 bytes
	device size with M = 1024*1024:      476940 MBytes
	device size with M = 1000*1000:      500107 MBytes (500 GB)
	cache/buffer size  = 16384 KBytes
	Nominal Media Rotation Rate: 7200
Capabilities:
	LBA, IORDY(can be disabled)
	Queue depth: 32
	Standby timer values: spec'd by Standard, no device specific minimum
	R/W multiple sector transfer: Max = 16	Current = 16
	Recommended acoustic management value: 208, current value: 208
	DMA: mdma0 mdma1 mdma2 udma0 udma1 udma2 udma3 udma4 udma5 *udma6 
	     Cycle time: min=120ns recommended=120ns
	PIO: pio0 pio1 pio2 pio3 pio4 
	     Cycle time: no flow control=120ns  IORDY flow control=120ns
Commands/features:
	Enabled	Supported:
	   *	SMART feature set
	    	Security Mode feature set
	   *	Power Management feature set
	   *	Write cache
	   *	Look-ahead
	   *	Host Protected Area feature set
	   *	WRITE_BUFFER command
	   *	READ_BUFFER command
	   *	DOWNLOAD_MICROCODE
	    	SET_MAX security extension
	   *	Automatic Acoustic Management feature set
	   *	48-bit Address feature set
	   *	Device Configuration Overlay feature set
	   *	Mandatory FLUSH_CACHE
	   *	FLUSH_CACHE_EXT
	   *	SMART error logging
	   *	SMART self-test
	   *	General Purpose Logging feature set
	   *	WRITE_{DMA|MULTIPLE}_FUA_EXT
	   *	64-bit World wide name
	    	Write-Read-Verify feature set
	   *	WRITE_UNCORRECTABLE_EXT command
	   *	{READ,WRITE}_DMA_EXT_GPL commands
	   *	Segmented DOWNLOAD_MICROCODE
	   *	Gen1 signaling speed (1.5Gb/s)
	   *	Gen2 signaling speed (3.0Gb/s)
	   *	Gen3 signaling speed (6.0Gb/s)
	   *	Native Command Queueing (NCQ)
	   *	Phy event counters
	   *	unknown 76[15]
	    	Device-initiated interface power management
	   *	Software settings preservation
	   *	SMART Command Transport (SCT) feature set
	   *	SCT Long Sector Access (AC1)
	   *	SCT LBA Segment Access (AC2)
	   *	SCT Error Recovery Control (AC3)
	   *	SCT Features Control (AC4)
	   *	SCT Data Tables (AC5)
	    	unknown 206[12] (vendor specific)
	    	unknown 206[13] (vendor specific)
Security: 
	Master password revision code = 65534
		supported
	not	enabled
	not	locked
		frozen
	not	expired: security count
		supported: enhanced erase
	82min for SECURITY ERASE UNIT. 82min for ENHANCED SECURITY ERASE UNIT.
Logical Unit WWN Device Identifier: 5000c500448faf0a
	NAA		: 5
	IEEE OUI	: 000c50
	Unique ID	: 0448faf0a
Checksum: correct
proglab33@ccet:~/FOS-Lab-Experiments$ 


proglab33@ccet:~/FOS-Lab-Experiments$ cat /proc/mounts 
rootfs / rootfs rw 0 0
sysfs /sys sysfs rw,nosuid,nodev,noexec,relatime 0 0
proc /proc proc rw,nosuid,nodev,noexec,relatime 0 0
udev /dev devtmpfs rw,relatime,size=957452k,nr_inodes=216165,mode=755 0 0
devpts /dev/pts devpts rw,nosuid,noexec,relatime,gid=5,mode=620,ptmxmode=000 0 0
tmpfs /run tmpfs rw,nosuid,relatime,size=385896k,mode=755 0 0
/dev/disk/by-uuid/86b23ab5-530c-4e7f-a771-f3eaa2b4756d / ext4 rw,relatime,errors=remount-ro,user_xattr,barrier=1,data=ordered 0 0
none /sys/fs/fuse/connections fusectl rw,relatime 0 0
none /sys/kernel/debug debugfs rw,relatime 0 0
none /sys/kernel/security securityfs rw,relatime 0 0
none /run/lock tmpfs rw,nosuid,nodev,noexec,relatime,size=5120k 0 0
none /run/shm tmpfs rw,nosuid,nodev,relatime 0 0
binfmt_misc /proc/sys/fs/binfmt_misc binfmt_misc rw,nosuid,nodev,noexec,relatime 0 0
gvfs-fuse-daemon /home/proglab33/.gvfs fuse.gvfs-fuse-daemon rw,nosuid,nodev,relatime,user_id=1000,group_id=1000 0 0
